#-----------------------------------------------------------
# Vivado v2023.1 (64-bit)
# SW Build 3865809 on Sun May  7 15:05:29 MDT 2023
# IP Build 3864474 on Sun May  7 20:36:21 MDT 2023
# SharedData Build 3865790 on Sun May 07 13:33:03 MDT 2023
# Start of session at: Sun Jul  9 16:09:26 2023
# Process ID: 35276
# Current directory: C:/Users/xjh/fpga/TemperatureCipher/vivado
# Command line: vivado.exe -gui_launcher_event rodinguilauncherevent1876 C:\Users\xjh\fpga\TemperatureCipher\vivado\TemperatureCipher.xpr
# Log file: C:/Users/xjh/fpga/TemperatureCipher/vivado/vivado.log
# Journal file: C:/Users/xjh/fpga/TemperatureCipher/vivado\vivado.jou
# Running On: xjh-main-pc, OS: Windows, CPU Frequency: 3494 MHz, CPU Physical cores: 14, Host memory: 68447 MB
#-----------------------------------------------------------
start_gui
open_project C:/Users/xjh/fpga/TemperatureCipher/vivado/TemperatureCipher.xpr
update_compile_order -fileset sources_1
update_compile_order -fileset sources_1
update_compile_order -fileset sources_1
update_compile_order -fileset sources_1
reset_run synth_1
launch_runs impl_1 -to_step write_bitstream -jobs 20
wait_on_run impl_1
open_hw_manager
connect_hw_server -allow_non_jtag
open_hw_target
set_property PROGRAM.FILE {C:/Users/xjh/fpga/TemperatureCipher/vivado/TemperatureCipher.runs/impl_1/top.bit} [get_hw_devices xc7a100t_0]
current_hw_device [get_hw_devices xc7a100t_0]
refresh_hw_device -update_hw_probes false [lindex [get_hw_devices xc7a100t_0] 0]
create_hw_cfgmem -hw_device [get_hw_devices xc7a100t_0] -mem_dev [lindex [get_cfgmem_parts {s25fl128sxxxxxx0-spi-x1_x2_x4}] 0]
set_property PROBES.FILE {} [get_hw_devices xc7a100t_0]
set_property FULL_PROBES.FILE {} [get_hw_devices xc7a100t_0]
set_property PROGRAM.FILE {C:/Users/xjh/fpga/TemperatureCipher/vivado/TemperatureCipher.runs/impl_1/top.bit} [get_hw_devices xc7a100t_0]
program_hw_devices [get_hw_devices xc7a100t_0]
refresh_hw_device [lindex [get_hw_devices xc7a100t_0] 0]
set_property PROGRAM.ADDRESS_RANGE  {use_file} [ get_property PROGRAM.HW_CFGMEM [lindex [get_hw_devices xc7a100t_0] 0]]
set_property PROGRAM.FILES [list "C:/Users/xjh/AppData/Roaming/Xilinx/Vivado/f128x4.mcs" ] [ get_property PROGRAM.HW_CFGMEM [lindex [get_hw_devices xc7a100t_0] 0]]
set_property PROGRAM.PRM_FILE {} [ get_property PROGRAM.HW_CFGMEM [lindex [get_hw_devices xc7a100t_0] 0]]
set_property PROGRAM.UNUSED_PIN_TERMINATION {pull-none} [ get_property PROGRAM.HW_CFGMEM [lindex [get_hw_devices xc7a100t_0] 0]]
set_property PROGRAM.BLANK_CHECK  0 [ get_property PROGRAM.HW_CFGMEM [lindex [get_hw_devices xc7a100t_0] 0]]
set_property PROGRAM.ERASE  1 [ get_property PROGRAM.HW_CFGMEM [lindex [get_hw_devices xc7a100t_0] 0]]
set_property PROGRAM.CFG_PROGRAM  1 [ get_property PROGRAM.HW_CFGMEM [lindex [get_hw_devices xc7a100t_0] 0]]
set_property PROGRAM.VERIFY  1 [ get_property PROGRAM.HW_CFGMEM [lindex [get_hw_devices xc7a100t_0] 0]]
set_property PROGRAM.CHECKSUM  0 [ get_property PROGRAM.HW_CFGMEM [lindex [get_hw_devices xc7a100t_0] 0]]
startgroup 
create_hw_bitstream -hw_device [lindex [get_hw_devices xc7a100t_0] 0] [get_property PROGRAM.HW_CFGMEM_BITFILE [ lindex [get_hw_devices xc7a100t_0] 0]]; program_hw_devices [lindex [get_hw_devices xc7a100t_0] 0]; refresh_hw_device [lindex [get_hw_devices xc7a100t_0] 0];
program_hw_cfgmem -hw_cfgmem [ get_property PROGRAM.HW_CFGMEM [lindex [get_hw_devices xc7a100t_0] 0]]
endgroup
write_cfgmem  -format mcs -size 16 -interface SPIx1 -loadbit {up 0x00000000 "C:/Users/xjh/fpga/TemperatureCipher/vivado/TemperatureCipher.runs/impl_1/top.bin" } -file "C:/Users/xjh/fpga/TemperatureCipher/vivado/s25f128.mcs"
write_cfgmem  -format mcs -size 16 -interface SPIx1 -loadbit {up 0x00000000 "C:/Users/xjh/fpga/TemperatureCipher/vivado/TemperatureCipher.runs/impl_1/top.bit" } -file "C:/Users/xjh/fpga/TemperatureCipher/vivado/s25f128.mcs"
set_property PROGRAM.FILES "C:/Users/xjh/fpga/TemperatureCipher/vivado/s25f128.mcs" [ get_property PROGRAM.HW_CFGMEM [lindex [get_hw_devices xc7a100t_0] 0]]
